<testsuites id="" name="" tests="3" failures="2" skipped="0" errors="0" time="40.524280999999995">
<testsuite name="auth.setup.ts" timestamp="2025-12-03T07:04:35.316Z" hostname="setup" tests="1" failures="0" skipped="0" time="5.427" errors="0">
<testcase name="authenticate" classname="auth.setup.ts" time="5.427">
</testcase>
</testsuite>
<testsuite name="pos.spec.ts" timestamp="2025-12-03T07:04:35.316Z" hostname="chromium" tests="1" failures="1" skipped="0" time="30.103" errors="0">
<testcase name="POS System ΓÇ║ should complete checkout process" classname="pos.spec.ts" time="30.103">
<failure message="pos.spec.ts:88:7 should complete checkout process" type="FAILURE">
<![CDATA[  [chromium] ΓÇ║ pos.spec.ts:88:7 ΓÇ║ POS System ΓÇ║ should complete checkout process ΓöÇΓöÇΓöÇΓöÇΓöÇΓöÇΓöÇΓöÇΓöÇΓöÇΓöÇΓöÇΓöÇΓöÇΓöÇΓöÇΓöÇΓöÇΓöÇΓöÇ

    Test timeout of 30000ms exceeded.

    Error: locator.click: Test timeout of 30000ms exceeded.
    Call log:
      - waiting for getByRole('button', { name: 'Checkout' })


      92 |
      93 |     // Click checkout
    > 94 |     await page.getByRole('button', { name: 'Checkout' }).click();
         |                                                          ^
      95 |
      96 |     // Select payment method
      97 |     await page.getByRole('button', { name: 'Cash' }).click();
        at C:\Users\HI\Documents\GitHub\_deve local\_React Apps\test\tests\e2e\pos.spec.ts:94:58

    attachment #1: screenshot (image/png) ΓöÇΓöÇΓöÇΓöÇΓöÇΓöÇΓöÇΓöÇΓöÇΓöÇΓöÇΓöÇΓöÇΓöÇΓöÇΓöÇΓöÇΓöÇΓöÇΓöÇΓöÇΓöÇΓöÇΓöÇΓöÇΓöÇΓöÇΓöÇΓöÇΓöÇΓöÇΓöÇΓöÇΓöÇΓöÇΓöÇΓöÇΓöÇΓöÇΓöÇΓöÇΓöÇΓöÇΓöÇΓöÇΓöÇΓöÇΓöÇΓöÇΓöÇΓöÇΓöÇΓöÇΓöÇΓöÇΓöÇΓöÇΓöÇ
    ..\..\test-results\pos-POS-System-should-complete-checkout-process-chromium\test-failed-1.png
    ΓöÇΓöÇΓöÇΓöÇΓöÇΓöÇΓöÇΓöÇΓöÇΓöÇΓöÇΓöÇΓöÇΓöÇΓöÇΓöÇΓöÇΓöÇΓöÇΓöÇΓöÇΓöÇΓöÇΓöÇΓöÇΓöÇΓöÇΓöÇΓöÇΓöÇΓöÇΓöÇΓöÇΓöÇΓöÇΓöÇΓöÇΓöÇΓöÇΓöÇΓöÇΓöÇΓöÇΓöÇΓöÇΓöÇΓöÇΓöÇΓöÇΓöÇΓöÇΓöÇΓöÇΓöÇΓöÇΓöÇΓöÇΓöÇΓöÇΓöÇΓöÇΓöÇΓöÇΓöÇΓöÇΓöÇΓöÇΓöÇΓöÇΓöÇΓöÇΓöÇΓöÇΓöÇΓöÇΓöÇΓöÇΓöÇΓöÇΓöÇΓöÇΓöÇΓöÇΓöÇΓöÇΓöÇΓöÇΓöÇΓöÇΓöÇΓöÇΓöÇΓöÇΓöÇΓöÇΓöÇ

    Error Context: ..\..\test-results\pos-POS-System-should-complete-checkout-process-chromium\error-context.md
]]>
</failure>
<system-out>
<![CDATA[
[[ATTACHMENT|test-results\pos-POS-System-should-complete-checkout-process-chromium\test-failed-1.png]]

[[ATTACHMENT|test-results\pos-POS-System-should-complete-checkout-process-chromium\error-context.md]]
]]>
</system-out>
</testcase>
</testsuite>
<testsuite name="pos.spec.ts" timestamp="2025-12-03T07:04:35.316Z" hostname="firefox" tests="1" failures="1" skipped="0" time="30.197" errors="0">
<testcase name="POS System ΓÇ║ should complete checkout process" classname="pos.spec.ts" time="30.197">
<failure message="pos.spec.ts:88:7 should complete checkout process" type="FAILURE">
<![CDATA[  [firefox] ΓÇ║ pos.spec.ts:88:7 ΓÇ║ POS System ΓÇ║ should complete checkout process ΓöÇΓöÇΓöÇΓöÇΓöÇΓöÇΓöÇΓöÇΓöÇΓöÇΓöÇΓöÇΓöÇΓöÇΓöÇΓöÇΓöÇΓöÇΓöÇΓöÇΓöÇ

    Test timeout of 30000ms exceeded.

    Error: locator.click: Test timeout of 30000ms exceeded.
    Call log:
      - waiting for getByRole('button', { name: 'Checkout' })


      92 |
      93 |     // Click checkout
    > 94 |     await page.getByRole('button', { name: 'Checkout' }).click();
         |                                                          ^
      95 |
      96 |     // Select payment method
      97 |     await page.getByRole('button', { name: 'Cash' }).click();
        at C:\Users\HI\Documents\GitHub\_deve local\_React Apps\test\tests\e2e\pos.spec.ts:94:58

    attachment #1: screenshot (image/png) ΓöÇΓöÇΓöÇΓöÇΓöÇΓöÇΓöÇΓöÇΓöÇΓöÇΓöÇΓöÇΓöÇΓöÇΓöÇΓöÇΓöÇΓöÇΓöÇΓöÇΓöÇΓöÇΓöÇΓöÇΓöÇΓöÇΓöÇΓöÇΓöÇΓöÇΓöÇΓöÇΓöÇΓöÇΓöÇΓöÇΓöÇΓöÇΓöÇΓöÇΓöÇΓöÇΓöÇΓöÇΓöÇΓöÇΓöÇΓöÇΓöÇΓöÇΓöÇΓöÇΓöÇΓöÇΓöÇΓöÇΓöÇΓöÇ
    ..\..\test-results\pos-POS-System-should-complete-checkout-process-firefox\test-failed-1.png
    ΓöÇΓöÇΓöÇΓöÇΓöÇΓöÇΓöÇΓöÇΓöÇΓöÇΓöÇΓöÇΓöÇΓöÇΓöÇΓöÇΓöÇΓöÇΓöÇΓöÇΓöÇΓöÇΓöÇΓöÇΓöÇΓöÇΓöÇΓöÇΓöÇΓöÇΓöÇΓöÇΓöÇΓöÇΓöÇΓöÇΓöÇΓöÇΓöÇΓöÇΓöÇΓöÇΓöÇΓöÇΓöÇΓöÇΓöÇΓöÇΓöÇΓöÇΓöÇΓöÇΓöÇΓöÇΓöÇΓöÇΓöÇΓöÇΓöÇΓöÇΓöÇΓöÇΓöÇΓöÇΓöÇΓöÇΓöÇΓöÇΓöÇΓöÇΓöÇΓöÇΓöÇΓöÇΓöÇΓöÇΓöÇΓöÇΓöÇΓöÇΓöÇΓöÇΓöÇΓöÇΓöÇΓöÇΓöÇΓöÇΓöÇΓöÇΓöÇΓöÇΓöÇΓöÇΓöÇΓöÇ

    Error Context: ..\..\test-results\pos-POS-System-should-complete-checkout-process-firefox\error-context.md
]]>
</failure>
<system-out>
<![CDATA[
[[ATTACHMENT|test-results\pos-POS-System-should-complete-checkout-process-firefox\test-failed-1.png]]

[[ATTACHMENT|test-results\pos-POS-System-should-complete-checkout-process-firefox\error-context.md]]
]]>
</system-out>
</testcase>
</testsuite>
</testsuites>
